Microchip MPLAB XC8 Compiler V3.00

Linker command line:

-W-3 \
  --edf=C:/Program Files/Microchip/MPLABX/v6.25/packs/Microchip/PIC18F-Q_DFP/1.27.449/xc8\pic\dat\20250204174324_en.msgs \
  -pivt0x8=08h -cn -h+dist/default/production\RGB_PIC18F.X.production.sym \
  --cmf=dist/default/production\RGB_PIC18F.X.production.cmf -z -Q18F56Q71 \
  -oC:\Users\C74317\AppData\Local\Temp\xcAs29jc.\driver_tmp_3.o \
  --defsym=__MPLAB_BUILD=1 --fixupoverflow=error \
  -Mdist/default/production/RGB_PIC18F.X.production.map \
  --md=C:\Users\C74317\AppData\Local\Temp\xcAs29jc.\driver_tmp_0.dat -E1 \
  -ver=XC8 Compiler -ACODE=00h-0FFFFh -ACONST=00h-0FFFFh \
  -ASMALLCONST=01600h-016FFhx234 -AMEDIUMCONST=01600h-0FFFFh \
  -ACOMRAM=0501h-055Fh -AABS1=0500h-014FFh -ABIGRAM=0501h-014FFh \
  -ARAM=0560h-05FFh,0600h-06FFhx15 -ABANK5=0560h-05FFh -ABANK6=0600h-06FFh \
  -ABANK7=0700h-07FFh -ABANK8=0800h-08FFh -ABANK9=0900h-09FFh \
  -ABANK10=0A00h-0AFFh -ABANK11=0B00h-0BFFh -ABANK12=0C00h-0CFFh \
  -ABANK13=0D00h-0DFFh -ABANK14=0E00h-0EFFh -ABANK15=0F00h-0FFFh \
  -ABANK16=01000h-010FFh -ABANK17=01100h-011FFh -ABANK18=01200h-012FFh \
  -ABANK19=01300h-013FFh -ABANK20=01400h-014FFh \
  -ASFR=00h-0FFhx4,0400h-045Fh,0460h-04FFh,01500h-015FFh \
  -ABIGSFR=00h-04FFh,01500h-015FFh -ACONFIG=0300000h-030000Bh \
  -AIDLOC=0200000h-020003Fh -AEEDATA=0380000h-03800FFh -peeprom_data=EEDATA \
  -preset_vec=00h -ppowerup=CODE,init -pramtop=01600h \
  -psmallconst=SMALLCONST -pmediumconst=MEDIUMCONST -pconst=CONST \
  -AFARRAM=00h-00h \
  -prdata=COMRAM,nvrram=COMRAM,nvbit=COMRAM,rbss=COMRAM,rbit=COMRAM \
  -pfarbss=FARRAM,fardata=FARRAM,nvFARRAM=FARRAM \
  -pintsave_regs=BIGRAM,bigbss=BIGRAM,bigdata=BIGRAM -pbss=RAM \
  -pidata=CODE,irdata=CODE,ibigdata=CODE,ifardata=CODE -prparam=COMRAM \
  C:\Users\C74317\AppData\Local\Temp\xcAs29jc.\driver_tmp_9.o \
  dist/default/production\RGB_PIC18F.X.production.o 

Object code version is 3.11

Machine type is 18F56Q71



                Name                               Link     Load   Length Selector   Space Scale
C:\Users\C74317\AppData\Local\Temp\xcAs29jc.\driver_tmp_9.o
                config                           300000   300000        B        0       4
                init                                 1A       1A        4        4       0
                reset_vec                             0        0        4        0       0
dist/default/production\RGB_PIC18F.X.production.o
                config                           300000   300000        B        0       4
                smallconst                         1600     1600        E      B00       0
                ivt0x8                                8        8       12        4       0
                text33                             1CFC     1CFC        2      B07       0
                text32                             1B66     1B66       2E      B07       0
                text31                             1B34     1B34       32      B07       0
                text30                             1C04     1C04       18      B07       0
                text29                             1CE6     1CE6        A      B07       0
                text28                             1CDC     1CDC        A      B07       0
                text27                             1CD2     1CD2        A      B07       0
                text26                             1B00     1B00       34      B07       0
                text25                             1952     1952       A0      B07       0
                text24                             1CC8     1CC8        A      B07       0
                text23                             1CBE     1CBE        A      B07       0
                text22                             1CB4     1CB4        A      B07       0
                text21                             1AA6     1AA6       5A      B07       0
                text20                             1CAA     1CAA        A      B07       0
                text19                             1CA0     1CA0        A      B07       0
                text18                             1C96     1C96        A      B07       0
                text17                             1A4C     1A4C       5A      B07       0
                text16                             1C8C     1C8C        A      B07       0
                text15                             1C82     1C82        A      B07       0
                text14                             1C78     1C78        A      B07       0
                text13                             19F2     19F2       5A      B07       0
                text12                             1C6E     1C6E        A      B07       0
                text11                             1BBE     1BBE       28      B07       0
                text10                             1BE6     1BE6       1E      B07       0
                text9                              1CF8     1CF8        4      B07       0
                text8                              1CF4     1CF4        4      B07       0
                text7                              1CF0     1CF0        4      B07       0
                text6                              1C42     1C42        E      B07       0
                text5                              1C64     1C64        A      B07       0
                text4                              1C5A     1C5A        A      B07       0
                text3                              1C50     1C50        A      B07       0
                text2                              1B94     1B94       2A      B07       0
                text1                              160E     160E      344      B07       0
                text0                              1C30     1C30       12      B07       0
                cstackCOMRAM                        501      501       1B      501       1
                cinit                              1C1C     1C1C       14      B07       0
                nvCOMRAM                            51C      51C       1A      501       1

TOTAL           Name                               Link     Load   Length     Space
        CLASS   CODE           
                init                                 1A       1A        4         0
                reset_vec                             0        0        4         0
                ivt0x8                                8        8       12         0
                text33                             1CFC     1CFC        2         0
                text32                             1B66     1B66       2E         0
                text31                             1B34     1B34       32         0
                text30                             1C04     1C04       18         0
                text29                             1CE6     1CE6        A         0
                text28                             1CDC     1CDC        A         0
                text27                             1CD2     1CD2        A         0
                text26                             1B00     1B00       34         0
                text25                             1952     1952       A0         0
                text24                             1CC8     1CC8        A         0
                text23                             1CBE     1CBE        A         0
                text22                             1CB4     1CB4        A         0
                text21                             1AA6     1AA6       5A         0
                text20                             1CAA     1CAA        A         0
                text19                             1CA0     1CA0        A         0
                text18                             1C96     1C96        A         0
                text17                             1A4C     1A4C       5A         0
                text16                             1C8C     1C8C        A         0
                text15                             1C82     1C82        A         0
                text14                             1C78     1C78        A         0
                text13                             19F2     19F2       5A         0
                text12                             1C6E     1C6E        A         0
                text11                             1BBE     1BBE       28         0
                text10                             1BE6     1BE6       1E         0
                text9                              1CF8     1CF8        4         0
                text8                              1CF4     1CF4        4         0
                text7                              1CF0     1CF0        4         0
                text6                              1C42     1C42        E         0
                text5                              1C64     1C64        A         0
                text4                              1C5A     1C5A        A         0
                text3                              1C50     1C50        A         0
                text2                              1B94     1B94       2A         0
                text1                              160E     160E      344         0
                text0                              1C30     1C30       12         0
                cinit                              1C1C     1C1C       14         0

        CLASS   CONST          

        CLASS   SMALLCONST     
                smallconst                         1600     1600        E         0

        CLASS   MEDIUMCONST    

        CLASS   COMRAM         
                cstackCOMRAM                        501      501       1B         1
                nvCOMRAM                            51C      51C       1A         1

        CLASS   ABS1           

        CLASS   BIGRAM         

        CLASS   RAM            

        CLASS   BANK5          

        CLASS   BANK6          

        CLASS   BANK7          

        CLASS   BANK8          

        CLASS   BANK9          

        CLASS   BANK10         

        CLASS   BANK11         

        CLASS   BANK12         

        CLASS   BANK13         

        CLASS   BANK14         

        CLASS   BANK15         

        CLASS   BANK16         

        CLASS   BANK17         

        CLASS   BANK18         

        CLASS   BANK19         

        CLASS   BANK20         

        CLASS   SFR            

        CLASS   BIGSFR         

        CLASS   CONFIG         
                config                           300000   300000        B         4

        CLASS   IDLOC          

        CLASS   EEDATA         

        CLASS   FARRAM         

        CLASS   HEAP           

        CLASS   STACK          



SEGMENTS        Name                           Load    Length   Top    Selector   Space  Class

                reset_vec                      000000  000004  000004         0       0  CODE    
                ivt0x8                         000008  000016  00001E         4       0  CODE    
                cstackCOMRAM                   000501  000035  000536       501       1  COMRAM  
                smallconst                     001600  00000E  00160E       B00       0  SMALLCON
                text1                          00160E  0006F0  001CFE       B07       0  CODE    


UNUSED ADDRESS RANGES

        Name                Unused          Largest block    Delta
        BANK10           000A00-000AFF              100
        BANK11           000B00-000BFF              100
        BANK12           000C00-000CFF              100
        BANK13           000D00-000DFF              100
        BANK14           000E00-000EFF              100
        BANK15           000F00-000FFF              100
        BANK16           001000-0010FF              100
        BANK17           001100-0011FF              100
        BANK18           001200-0012FF              100
        BANK19           001300-0013FF              100
        BANK20           001400-0014FF              100
        BANK5            000560-0005FF               A0
        BANK6            000600-0006FF              100
        BANK7            000700-0007FF              100
        BANK8            000800-0008FF              100
        BANK9            000900-0009FF              100
        BIGRAM           000536-0014FF              FCA
        BIGSFR           000000-0004FF              500
                         001500-0015FF              100
        CODE             000004-000007                4
                         00001E-0015FF             15E2
                         001CFE-00FFFF             E302
        COMRAM           000536-00055F               2A
        CONFIG           30000B-30000B                1
        CONST            000004-000007                4
                         00001E-0015FF             15E2
                         001CFE-00FFFF             E302
        EEDATA           380000-3800FF              100
        IDLOC            200000-20003F               40
        MEDIUMCONST      001CFE-00FFFF             E302
        RAM              000560-0014FF              100
        SFR              000000-0004FF              100
                         001500-0015FF              100
        SMALLCONST       001CFE-00FFFF              100

                                  Symbol Table

INT0_SetInterruptHandler@InterruptHandler                     cstackCOMRAM 000503
INT1_SetInterruptHandler@InterruptHandler                     cstackCOMRAM 000503
INT2_SetInterruptHandler@InterruptHandler                     cstackCOMRAM 000503
IVTBASEH                                                      (abs)        00045E
IVTBASEL                                                      (abs)        00045D
IVTBASEU                                                      (abs)        00045F
PWM1_16BIT_Period_SetInterruptHandler@InterruptHandler        cstackCOMRAM 000503
PWM1_16BIT_SetSlice1Output1DutyCycleRegister@registerValue    cstackCOMRAM 000503
PWM1_16BIT_Slice1Output1_SetInterruptHandler@InterruptHandler cstackCOMRAM 000503
PWM1_16BIT_Slice1Output2_SetInterruptHandler@InterruptHandler cstackCOMRAM 000503
PWM2_16BIT_Period_SetInterruptHandler@InterruptHandler        cstackCOMRAM 000503
PWM2_16BIT_SetSlice1Output1DutyCycleRegister@registerValue    cstackCOMRAM 000503
PWM2_16BIT_Slice1Output1_SetInterruptHandler@InterruptHandler cstackCOMRAM 000503
PWM2_16BIT_Slice1Output2_SetInterruptHandler@InterruptHandler cstackCOMRAM 000503
PWM3_16BIT_Period_SetInterruptHandler@InterruptHandler        cstackCOMRAM 000503
PWM3_16BIT_SetSlice1Output1DutyCycleRegister@registerValue    cstackCOMRAM 000503
PWM3_16BIT_Slice1Output1_SetInterruptHandler@InterruptHandler cstackCOMRAM 000503
PWM3_16BIT_Slice1Output2_SetInterruptHandler@InterruptHandler cstackCOMRAM 000503
TMR2_OverflowCallbackRegister@InterruptHandler                cstackCOMRAM 000503
_ACTCON                                                       (abs)        0000AC
_ANSELA                                                       (abs)        000400
_ANSELB                                                       (abs)        000408
_ANSELC                                                       (abs)        000410
_ANSELD                                                       (abs)        000418
_ANSELE                                                       (abs)        000420
_ANSELF                                                       (abs)        000428
_CLOCK_Initialize                                             text30       001C04
_FSCMCON                                                      (abs)        000458
_INLVLA                                                       (abs)        000404
_INLVLB                                                       (abs)        00040C
_INLVLC                                                       (abs)        000414
_INLVLD                                                       (abs)        00041C
_INLVLE                                                       (abs)        000424
_INLVLF                                                       (abs)        00042C
_INT0_DefaultInterruptHandler                                 (abs)        000000
_INT0_InterruptHandler                                        nvCOMRAM     000522
_INT0_SetInterruptHandler                                     text29       001CE6
_INT1_DefaultInterruptHandler                                 (abs)        000000
_INT1_InterruptHandler                                        nvCOMRAM     000520
_INT1_SetInterruptHandler                                     text28       001CDC
_INT2_DefaultInterruptHandler                                 (abs)        000000
_INT2_InterruptHandler                                        nvCOMRAM     00051E
_INT2_SetInterruptHandler                                     text27       001CD2
_INTCON0bits                                                  (abs)        0004D6
_INTERRUPT_Initialize                                         text26       001B00
_INTERRUPT_InterruptManager                                   text31       001B34
_IOCAF                                                        (abs)        000407
_IOCAN                                                        (abs)        000406
_IOCAP                                                        (abs)        000405
_IOCBF                                                        (abs)        00040F
_IOCBN                                                        (abs)        00040E
_IOCBP                                                        (abs)        00040D
_IOCCF                                                        (abs)        000417
_IOCCN                                                        (abs)        000416
_IOCCP                                                        (abs)        000415
_IOCEF                                                        (abs)        000427
_IOCEN                                                        (abs)        000426
_IOCEP                                                        (abs)        000425
_IOCWF                                                        (abs)        00043F
_IOCWN                                                        (abs)        00043E
_IOCWP                                                        (abs)        00043D
_LATA                                                         (abs)        000140
_LATB                                                         (abs)        000141
_LATC                                                         (abs)        000142
_LATD                                                         (abs)        000143
_LATE                                                         (abs)        000144
_LATF                                                         (abs)        000145
_Load_bufferRegisters                                         text6        001C42
_ODCONA                                                       (abs)        000402
_ODCONB                                                       (abs)        00040A
_ODCONC                                                       (abs)        000412
_ODCOND                                                       (abs)        00041A
_ODCONE                                                       (abs)        000422
_ODCONF                                                       (abs)        00042A
_OSCCON1                                                      (abs)        0000AD
_OSCCON3                                                      (abs)        0000AF
_OSCEN                                                        (abs)        0000B3
_OSCFRQ                                                       (abs)        0000B1
_OSCTUNE                                                      (abs)        0000B0
_PIE3bits                                                     (abs)        0004AA
_PIE4bits                                                     (abs)        0004AB
_PIE5bits                                                     (abs)        0004AC
_PIE7bits                                                     (abs)        0004AE
_PIN_MANAGER_Initialize                                       text25       001952
_PIR10bits                                                    (abs)        0004BC
_PIR1bits                                                     (abs)        0004B3
_PIR3bits                                                     (abs)        0004B5
_PIR4bits                                                     (abs)        0004B6
_PIR5bits                                                     (abs)        0004B7
_PIR6bits                                                     (abs)        0004B8
_PIR7bits                                                     (abs)        0004B9
_PR2                                                          (abs)        00031E
_PWM1CLK                                                      (abs)        000461
_PWM1CON                                                      (abs)        000469
_PWM1CONbits                                                  (abs)        000469
_PWM1CPRE                                                     (abs)        000465
_PWM1ERS                                                      (abs)        000460
_PWM1GIE                                                      (abs)        000468
_PWM1GIEbits                                                  (abs)        000468
_PWM1GIR                                                      (abs)        000467
_PWM1GIRbits                                                  (abs)        000467
_PWM1LDS                                                      (abs)        000462
_PWM1PIPOS                                                    (abs)        000466
_PWM1PRH                                                      (abs)        000464
_PWM1PRL                                                      (abs)        000463
_PWM1S1CFG                                                    (abs)        00046A
_PWM1S1P1H                                                    (abs)        00046C
_PWM1S1P1L                                                    (abs)        00046B
_PWM1S1P2H                                                    (abs)        00046E
_PWM1S1P2L                                                    (abs)        00046D
_PWM1_16BIT_Initialize                                        text21       001AA6
_PWM1_16BIT_LoadBufferRegisters                               text9        001CF8
_PWM1_16BIT_Period_DefaultInterruptHandler                    (abs)        000000
_PWM1_16BIT_Period_InterruptHandler                           nvCOMRAM     000530
_PWM1_16BIT_Period_SetInterruptHandler                        text24       001CC8
_PWM1_16BIT_SetSlice1Output1DutyCycleRegister                 text5        001C64
_PWM1_16BIT_Slice1Output1_DefaultInterruptHandler             (abs)        000000
_PWM1_16BIT_Slice1Output1_InterruptHandler                    nvCOMRAM     000534
_PWM1_16BIT_Slice1Output1_SetInterruptHandler                 text23       001CBE
_PWM1_16BIT_Slice1Output2_DefaultInterruptHandler             (abs)        000000
_PWM1_16BIT_Slice1Output2_InterruptHandler                    nvCOMRAM     000532
_PWM1_16BIT_Slice1Output2_SetInterruptHandler                 text22       001CB4
_PWM2CLK                                                      (abs)        000470
_PWM2CON                                                      (abs)        000478
_PWM2CONbits                                                  (abs)        000478
_PWM2CPRE                                                     (abs)        000474
_PWM2ERS                                                      (abs)        00046F
_PWM2GIE                                                      (abs)        000477
_PWM2GIEbits                                                  (abs)        000477
_PWM2GIR                                                      (abs)        000476
_PWM2GIRbits                                                  (abs)        000476
_PWM2LDS                                                      (abs)        000471
_PWM2PIPOS                                                    (abs)        000475
_PWM2PRH                                                      (abs)        000473
_PWM2PRL                                                      (abs)        000472
_PWM2S1CFG                                                    (abs)        000479
_PWM2S1P1H                                                    (abs)        00047B
_PWM2S1P1L                                                    (abs)        00047A
_PWM2S1P2H                                                    (abs)        00047D
_PWM2S1P2L                                                    (abs)        00047C
_PWM2_16BIT_Initialize                                        text17       001A4C
_PWM2_16BIT_LoadBufferRegisters                               text8        001CF4
_PWM2_16BIT_Period_DefaultInterruptHandler                    (abs)        000000
_PWM2_16BIT_Period_InterruptHandler                           nvCOMRAM     000524
_PWM2_16BIT_Period_SetInterruptHandler                        text20       001CAA
_PWM2_16BIT_SetSlice1Output1DutyCycleRegister                 text4        001C5A
_PWM2_16BIT_Slice1Output1_DefaultInterruptHandler             (abs)        000000
_PWM2_16BIT_Slice1Output1_InterruptHandler                    nvCOMRAM     000528
_PWM2_16BIT_Slice1Output1_SetInterruptHandler                 text19       001CA0
_PWM2_16BIT_Slice1Output2_DefaultInterruptHandler             (abs)        000000
_PWM2_16BIT_Slice1Output2_InterruptHandler                    nvCOMRAM     000526
_PWM2_16BIT_Slice1Output2_SetInterruptHandler                 text18       001C96
_PWM3CLK                                                      (abs)        00047F
_PWM3CON                                                      (abs)        000487
_PWM3CONbits                                                  (abs)        000487
_PWM3CPRE                                                     (abs)        000483
_PWM3ERS                                                      (abs)        00047E
_PWM3GIE                                                      (abs)        000486
_PWM3GIEbits                                                  (abs)        000486
_PWM3GIR                                                      (abs)        000485
_PWM3GIRbits                                                  (abs)        000485
_PWM3LDS                                                      (abs)        000480
_PWM3PIPOS                                                    (abs)        000484
_PWM3PRH                                                      (abs)        000482
_PWM3PRL                                                      (abs)        000481
_PWM3S1CFG                                                    (abs)        000488
_PWM3S1P1H                                                    (abs)        00048A
_PWM3S1P1L                                                    (abs)        000489
_PWM3S1P2H                                                    (abs)        00048C
_PWM3S1P2L                                                    (abs)        00048B
_PWM3_16BIT_Initialize                                        text13       0019F2
_PWM3_16BIT_LoadBufferRegisters                               text7        001CF0
_PWM3_16BIT_Period_DefaultInterruptHandler                    (abs)        000000
_PWM3_16BIT_Period_InterruptHandler                           nvCOMRAM     00052A
_PWM3_16BIT_Period_SetInterruptHandler                        text16       001C8C
_PWM3_16BIT_SetSlice1Output1DutyCycleRegister                 text3        001C50
_PWM3_16BIT_Slice1Output1_DefaultInterruptHandler             (abs)        000000
_PWM3_16BIT_Slice1Output1_InterruptHandler                    nvCOMRAM     00052E
_PWM3_16BIT_Slice1Output1_SetInterruptHandler                 text15       001C82
_PWM3_16BIT_Slice1Output2_DefaultInterruptHandler             (abs)        000000
_PWM3_16BIT_Slice1Output2_InterruptHandler                    nvCOMRAM     00052C
_PWM3_16BIT_Slice1Output2_SetInterruptHandler                 text14       001C78
_RB0PPS                                                       (abs)        000209
_RB1I2C                                                       (abs)        000286
_RB2I2C                                                       (abs)        000285
_RB3PPS                                                       (abs)        00020C
_RC0PPS                                                       (abs)        000211
_RC3I2C                                                       (abs)        000288
_RC4I2C                                                       (abs)        000287
_SLRCONA                                                      (abs)        000403
_SLRCONB                                                      (abs)        00040B
_SLRCONC                                                      (abs)        000413
_SLRCOND                                                      (abs)        00041B
_SLRCONE                                                      (abs)        000423
_SLRCONF                                                      (abs)        00042B
_SYSTEM_Initialize                                            text10       001BE6
_T2CLKCON                                                     (abs)        000321
_T2CON                                                        (abs)        00031F
_T2CONbits                                                    (abs)        00031F
_T2HLT                                                        (abs)        000320
_T2HLTbits                                                    (abs)        000320
_T2PR                                                         (abs)        00031E
_T2RST                                                        (abs)        000322
_T2RSTbits                                                    (abs)        000322
_T2TMR                                                        (abs)        00031D
_TMR2                                                         (abs)        00031D
_TMR2_DefaultOverflowCallback                                 text33       001CFC
_TMR2_ISR                                                     text32       001B66
_TMR2_Initialize                                              text11       001BBE
_TMR2_OverflowCallback                                        nvCOMRAM     00051C
_TMR2_OverflowCallbackRegister                                text12       001C6E
_TMR2_PeriodCountSet                                          (abs)        000000
_TMR2_Start                                                   (abs)        000000
_TMR2_Stop                                                    (abs)        000000
_TRISA                                                        (abs)        000148
_TRISB                                                        (abs)        000149
_TRISC                                                        (abs)        00014A
_TRISD                                                        (abs)        00014B
_TRISE                                                        (abs)        00014C
_TRISF                                                        (abs)        00014D
_Timer2                                                       smallconst   001601
_WPUA                                                         (abs)        000401
_WPUB                                                         (abs)        000409
_WPUC                                                         (abs)        000411
_WPUD                                                         (abs)        000419
_WPUE                                                         (abs)        000421
_WPUF                                                         (abs)        000429
__HRAM                                                        (abs)        000000
__H__absolute__                                               __absolute__ 000000
__Habs1                                                       abs1         000000
__Hbank10                                                     bank10       000000
__Hbank11                                                     bank11       000000
__Hbank12                                                     bank12       000000
__Hbank13                                                     bank13       000000
__Hbank14                                                     bank14       000000
__Hbank15                                                     bank15       000000
__Hbank16                                                     bank16       000000
__Hbank17                                                     bank17       000000
__Hbank18                                                     bank18       000000
__Hbank19                                                     bank19       000000
__Hbank20                                                     bank20       000000
__Hbank5                                                      bank5        000000
__Hbank6                                                      bank6        000000
__Hbank7                                                      bank7        000000
__Hbank8                                                      bank8        000000
__Hbank9                                                      bank9        000000
__Hbigbss                                                     bigbss       000000
__Hbigdata                                                    bigdata      000000
__Hbigram                                                     bigram       000000
__Hbigsfr                                                     bigsfr       000000
__Hbss                                                        bss          000000
__Hcinit                                                      cinit        000000
__Hclrtext                                                    clrtext      000000
__Hcomram                                                     comram       000000
__Hconfig                                                     config       30000B
__Hconst                                                      const        000000
__HcstackCOMRAM                                               cstackCOMRAM 000000
__Hdata                                                       data         000000
__Heeprom_data                                                eeprom_data  000000
__Hfarbss                                                     farbss       000000
__Hfardata                                                    fardata      000000
__Hheap                                                       heap         000000
__Hibigdata                                                   ibigdata     000000
__Hidata                                                      idata        000000
__Hidloc                                                      idloc        000000
__Hifardata                                                   ifardata     000000
__Hinit                                                       init         00001E
__Hintsave_regs                                               intsave_regs 000000
__Hirdata                                                     irdata       000000
__Hivt0x8                                                     ivt0x8       00001A
__Hmediumconst                                                mediumconst  000000
__HnvCOMRAM                                                   nvCOMRAM     000000
__HnvFARRAM                                                   nvFARRAM     000000
__Hnvbit                                                      nvbit        000000
__Hnvrram                                                     nvrram       000000
__Hparam                                                      rparam       000000
__Hpowerup                                                    powerup      000000
__Hram                                                        ram          000000
__Hramtop                                                     ramtop       001600
__Hrbit                                                       rbit         000000
__Hrbss                                                       rbss         000000
__Hrdata                                                      rdata        000000
__Hreset_vec                                                  reset_vec    000004
__Hrparam                                                     rparam       000000
__Hsfr                                                        sfr          000000
__Hsmallconst                                                 smallconst   00160E
__Hspace_0                                                    (abs)        001CFE
__Hspace_1                                                    (abs)        000536
__Hspace_2                                                    (abs)        000000
__Hspace_4                                                    (abs)        60000B
__Hstack                                                      stack        000000
__Hstruct                                                     struct       000000
__Htemp                                                       temp         000000
__Htext                                                       text         000000
__Htext0                                                      text0        000000
__Htext1                                                      text1        000000
__Htext10                                                     text10       000000
__Htext11                                                     text11       000000
__Htext12                                                     text12       000000
__Htext13                                                     text13       000000
__Htext14                                                     text14       000000
__Htext15                                                     text15       000000
__Htext16                                                     text16       000000
__Htext17                                                     text17       000000
__Htext18                                                     text18       000000
__Htext19                                                     text19       000000
__Htext2                                                      text2        000000
__Htext20                                                     text20       000000
__Htext21                                                     text21       000000
__Htext22                                                     text22       000000
__Htext23                                                     text23       000000
__Htext24                                                     text24       000000
__Htext25                                                     text25       000000
__Htext26                                                     text26       000000
__Htext27                                                     text27       000000
__Htext28                                                     text28       000000
__Htext29                                                     text29       000000
__Htext3                                                      text3        000000
__Htext30                                                     text30       000000
__Htext31                                                     text31       000000
__Htext32                                                     text32       000000
__Htext33                                                     text33       000000
__Htext4                                                      text4        000000
__Htext5                                                      text5        000000
__Htext6                                                      text6        000000
__Htext7                                                      text7        000000
__Htext8                                                      text8        000000
__Htext9                                                      text9        000000
__LRAM                                                        (abs)        000001
__L__absolute__                                               __absolute__ 000000
__Labs1                                                       abs1         000000
__Lbank10                                                     bank10       000000
__Lbank11                                                     bank11       000000
__Lbank12                                                     bank12       000000
__Lbank13                                                     bank13       000000
__Lbank14                                                     bank14       000000
__Lbank15                                                     bank15       000000
__Lbank16                                                     bank16       000000
__Lbank17                                                     bank17       000000
__Lbank18                                                     bank18       000000
__Lbank19                                                     bank19       000000
__Lbank20                                                     bank20       000000
__Lbank5                                                      bank5        000000
__Lbank6                                                      bank6        000000
__Lbank7                                                      bank7        000000
__Lbank8                                                      bank8        000000
__Lbank9                                                      bank9        000000
__Lbigbss                                                     bigbss       000000
__Lbigdata                                                    bigdata      000000
__Lbigram                                                     bigram       000000
__Lbigsfr                                                     bigsfr       000000
__Lbss                                                        bss          000000
__Lcinit                                                      cinit        000000
__Lclrtext                                                    clrtext      000000
__Lcomram                                                     comram       000000
__Lconfig                                                     config       000000
__Lconst                                                      const        000000
__LcstackCOMRAM                                               cstackCOMRAM 000000
__Ldata                                                       data         000000
__Leeprom_data                                                eeprom_data  000000
__Lfarbss                                                     farbss       000000
__Lfardata                                                    fardata      000000
__Lheap                                                       heap         000000
__Libigdata                                                   ibigdata     000000
__Lidata                                                      idata        000000
__Lidloc                                                      idloc        000000
__Lifardata                                                   ifardata     000000
__Linit                                                       init         00001A
__Lintsave_regs                                               intsave_regs 000000
__Lirdata                                                     irdata       000000
__Livt0x8                                                     ivt0x8       000008
__Lmediumconst                                                mediumconst  000000
__LnvCOMRAM                                                   nvCOMRAM     000000
__LnvFARRAM                                                   nvFARRAM     000000
__Lnvbit                                                      nvbit        000000
__Lnvrram                                                     nvrram       000000
__Lparam                                                      rparam       000000
__Lpowerup                                                    powerup      000000
__Lram                                                        ram          000000
__Lramtop                                                     ramtop       001600
__Lrbit                                                       rbit         000000
__Lrbss                                                       rbss         000000
__Lrdata                                                      rdata        000000
__Lreset_vec                                                  reset_vec    000000
__Lrparam                                                     rparam       000000
__Lsfr                                                        sfr          000000
__Lsmallconst                                                 smallconst   001600
__Lspace_0                                                    (abs)        000000
__Lspace_1                                                    (abs)        000000
__Lspace_2                                                    (abs)        000000
__Lspace_4                                                    (abs)        000000
__Lstack                                                      stack        000000
__Lstruct                                                     struct       000000
__Ltemp                                                       temp         000000
__Ltext                                                       text         000000
__Ltext0                                                      text0        000000
__Ltext1                                                      text1        000000
__Ltext10                                                     text10       000000
__Ltext11                                                     text11       000000
__Ltext12                                                     text12       000000
__Ltext13                                                     text13       000000
__Ltext14                                                     text14       000000
__Ltext15                                                     text15       000000
__Ltext16                                                     text16       000000
__Ltext17                                                     text17       000000
__Ltext18                                                     text18       000000
__Ltext19                                                     text19       000000
__Ltext2                                                      text2        000000
__Ltext20                                                     text20       000000
__Ltext21                                                     text21       000000
__Ltext22                                                     text22       000000
__Ltext23                                                     text23       000000
__Ltext24                                                     text24       000000
__Ltext25                                                     text25       000000
__Ltext26                                                     text26       000000
__Ltext27                                                     text27       000000
__Ltext28                                                     text28       000000
__Ltext29                                                     text29       000000
__Ltext3                                                      text3        000000
__Ltext30                                                     text30       000000
__Ltext31                                                     text31       000000
__Ltext32                                                     text32       000000
__Ltext33                                                     text33       000000
__Ltext4                                                      text4        000000
__Ltext5                                                      text5        000000
__Ltext6                                                      text6        000000
__Ltext7                                                      text7        000000
__Ltext8                                                      text8        000000
__Ltext9                                                      text9        000000
__S0                                                          (abs)        001CFE
__S1                                                          (abs)        000536
__S4                                                          (abs)        000000
__S5                                                          (abs)        000000
___heap_hi                                                    (abs)        000000
___heap_lo                                                    (abs)        000000
___inthi_sp                                                   stack        000000
___inthi_stack_hi                                             stack        000000
___inthi_stack_lo                                             stack        000000
___intlo_sp                                                   stack        000000
___intlo_stack_hi                                             stack        000000
___intlo_stack_lo                                             stack        000000
___param_bank                                                 (abs)        000000
___rparam_used                                                (abs)        000001
___sp                                                         stack        000000
___stack_hi                                                   stack        000000
___stack_lo                                                   stack        000000
__accesstop                                                   (abs)        000560
__activetblptr                                                (abs)        000003
__end_of_CLOCK_Initialize                                     text30       001C1C
__end_of_INT0_SetInterruptHandler                             text29       001CF0
__end_of_INT1_SetInterruptHandler                             text28       001CE6
__end_of_INT2_SetInterruptHandler                             text27       001CDC
__end_of_INTERRUPT_Initialize                                 text26       001B34
__end_of_INTERRUPT_InterruptManager                           text31       001B66
__end_of_Load_bufferRegisters                                 text6        001C50
__end_of_PIN_MANAGER_Initialize                               text25       0019F2
__end_of_PWM1_16BIT_Initialize                                text21       001B00
__end_of_PWM1_16BIT_LoadBufferRegisters                       text9        001CFC
__end_of_PWM1_16BIT_Period_SetInterruptHandler                text24       001CD2
__end_of_PWM1_16BIT_SetSlice1Output1DutyCycleRegister         text5        001C6E
__end_of_PWM1_16BIT_Slice1Output1_SetInterruptHandler         text23       001CC8
__end_of_PWM1_16BIT_Slice1Output2_SetInterruptHandler         text22       001CBE
__end_of_PWM2_16BIT_Initialize                                text17       001AA6
__end_of_PWM2_16BIT_LoadBufferRegisters                       text8        001CF8
__end_of_PWM2_16BIT_Period_SetInterruptHandler                text20       001CB4
__end_of_PWM2_16BIT_SetSlice1Output1DutyCycleRegister         text4        001C64
__end_of_PWM2_16BIT_Slice1Output1_SetInterruptHandler         text19       001CAA
__end_of_PWM2_16BIT_Slice1Output2_SetInterruptHandler         text18       001CA0
__end_of_PWM3_16BIT_Initialize                                text13       001A4C
__end_of_PWM3_16BIT_LoadBufferRegisters                       text7        001CF4
__end_of_PWM3_16BIT_Period_SetInterruptHandler                text16       001C96
__end_of_PWM3_16BIT_SetSlice1Output1DutyCycleRegister         text3        001C5A
__end_of_PWM3_16BIT_Slice1Output1_SetInterruptHandler         text15       001C8C
__end_of_PWM3_16BIT_Slice1Output2_SetInterruptHandler         text14       001C82
__end_of_SYSTEM_Initialize                                    text10       001C04
__end_of_TMR2_DefaultOverflowCallback                         text33       001CFE
__end_of_TMR2_ISR                                             text32       001B94
__end_of_TMR2_Initialize                                      text11       001BE6
__end_of_TMR2_OverflowCallbackRegister                        text12       001C78
__end_of_Timer2                                               smallconst   00160D
__end_of__initialization                                      cinit        001C2A
__end_of_colorCycle                                           text1        001952
__end_of_main                                                 text0        001C42
__end_of_setRGB                                               text2        001BBE
__initialization                                              cinit        001C1C
__mediumconst                                                 smallconst   001600
__pcinit                                                      cinit        001C1C
__pcstackCOMRAM                                               cstackCOMRAM 000501
__pivt0x8                                                     ivt0x8       000008
__pnvCOMRAM                                                   nvCOMRAM     00051C
__psmallconst                                                 smallconst   001600
__ptext0                                                      text0        001C30
__ptext1                                                      text1        00160E
__ptext10                                                     text10       001BE6
__ptext11                                                     text11       001BBE
__ptext12                                                     text12       001C6E
__ptext13                                                     text13       0019F2
__ptext14                                                     text14       001C78
__ptext15                                                     text15       001C82
__ptext16                                                     text16       001C8C
__ptext17                                                     text17       001A4C
__ptext18                                                     text18       001C96
__ptext19                                                     text19       001CA0
__ptext2                                                      text2        001B94
__ptext20                                                     text20       001CAA
__ptext21                                                     text21       001AA6
__ptext22                                                     text22       001CB4
__ptext23                                                     text23       001CBE
__ptext24                                                     text24       001CC8
__ptext25                                                     text25       001952
__ptext26                                                     text26       001B00
__ptext27                                                     text27       001CD2
__ptext28                                                     text28       001CDC
__ptext29                                                     text29       001CE6
__ptext3                                                      text3        001C50
__ptext30                                                     text30       001C04
__ptext31                                                     text31       001B34
__ptext32                                                     text32       001B66
__ptext33                                                     text33       001CFC
__ptext4                                                      text4        001C5A
__ptext5                                                      text5        001C64
__ptext6                                                      text6        001C42
__ptext7                                                      text7        001CF0
__ptext8                                                      text8        001CF4
__ptext9                                                      text9        001CF8
__ramtop                                                      ramtop       001600
__smallconst                                                  smallconst   001600
_colorCycle                                                   text1        00160E
_main                                                         text0        001C30
_setRGB                                                       text2        001B94
colorCycle@i                                                  cstackCOMRAM 00051A
colorCycle@step                                               cstackCOMRAM 000518
end_of_initialization                                         cinit        001C2A
intlevel0                                                     text         000000
intlevel1                                                     text         000000
intlevel2                                                     text         000000
intlevel3                                                     text         000000
isa$std                                                       (abs)        000001
isa$xinst                                                     (abs)        000000
ivt0x8_base                                                   ivt0x8       000008
setRGB@blue                                                   cstackCOMRAM 000509
setRGB@green                                                  cstackCOMRAM 000507
setRGB@red                                                    cstackCOMRAM 000505
stackhi                                                       (abs)        000000
stacklo                                                       (abs)        000000
start                                                         init         00001A
start_initialization                                          cinit        001C1C


MODULE INFORMATION

Module		Function		Class		Link	Load	Size
mcc_generated_files/pwm/src/pwm3_16bit.c
		_PWM3_16BIT_Period_SetInterruptHandler		CODE           	1C8C	0000	10
		_PWM3_16BIT_Slice1Output1_SetInterruptHandler		CODE           	1C82	0000	10
		_PWM3_16BIT_Slice1Output2_SetInterruptHandler		CODE           	1C78	0000	10
		_PWM3_16BIT_Initialize		CODE           	19F2	0000	90
		_PWM3_16BIT_LoadBufferRegisters		CODE           	1CF0	0000	4
		_PWM3_16BIT_SetSlice1Output1DutyCycleRegister		CODE           	1C50	0000	10

mcc_generated_files/pwm/src/pwm3_16bit.c estimated size: 134

mcc_generated_files/system/src/interrupt.c
		_INT0_SetInterruptHandler		CODE           	1CE6	0000	10
		_INT1_SetInterruptHandler		CODE           	1CDC	0000	10
		_INT2_SetInterruptHandler		CODE           	1CD2	0000	10
		_INTERRUPT_Initialize		CODE           	1B00	0000	52
		_INTERRUPT_InterruptManager		CODE           	1B34	0000	50

mcc_generated_files/system/src/interrupt.c estimated size: 132

mcc_generated_files/pwm/src/pwm1_16bit.c
		_PWM1_16BIT_Period_SetInterruptHandler		CODE           	1CC8	0000	10
		_PWM1_16BIT_Slice1Output1_SetInterruptHandler		CODE           	1CBE	0000	10
		_PWM1_16BIT_Slice1Output2_SetInterruptHandler		CODE           	1CB4	0000	10
		_PWM1_16BIT_Initialize		CODE           	1AA6	0000	90
		_PWM1_16BIT_LoadBufferRegisters		CODE           	1CF8	0000	4
		_PWM1_16BIT_SetSlice1Output1DutyCycleRegister		CODE           	1C64	0000	10

mcc_generated_files/pwm/src/pwm1_16bit.c estimated size: 134

mcc_generated_files/system/src/pins.c
		_PIN_MANAGER_Initialize		CODE           	1952	0000	160

mcc_generated_files/system/src/pins.c estimated size: 160

shared
		_Timer2        		SMALLCONST     	1601	0000	12
		__initialization		CODE           	1C1C	0000	14

shared estimated size: 26

mcc_generated_files/timer/src/tmr2.c
		_TMR2_ISR      		CODE           	1B66	0000	46
		_TMR2_Initialize		CODE           	1BBE	0000	40
		_TMR2_OverflowCallbackRegister		CODE           	1C6E	0000	10
		_TMR2_DefaultOverflowCallback		CODE           	1CFC	0000	2

mcc_generated_files/timer/src/tmr2.c estimated size: 98

mcc_generated_files/system/src/clock.c
		_CLOCK_Initialize		CODE           	1C04	0000	24

mcc_generated_files/system/src/clock.c estimated size: 24

main.c
		_main          		CODE           	1C30	0000	18

main.c estimated size: 18

RGB_LED.c
		_setRGB        		CODE           	1B94	0000	42
		_colorCycle    		CODE           	160E	0000	836
		_Load_bufferRegisters		CODE           	1C42	0000	14

RGB_LED.c estimated size: 892

mcc_generated_files/pwm/src/pwm2_16bit.c
		_PWM2_16BIT_Period_SetInterruptHandler		CODE           	1CAA	0000	10
		_PWM2_16BIT_Slice1Output1_SetInterruptHandler		CODE           	1CA0	0000	10
		_PWM2_16BIT_Slice1Output2_SetInterruptHandler		CODE           	1C96	0000	10
		_PWM2_16BIT_Initialize		CODE           	1A4C	0000	90
		_PWM2_16BIT_LoadBufferRegisters		CODE           	1CF4	0000	4
		_PWM2_16BIT_SetSlice1Output1DutyCycleRegister		CODE           	1C5A	0000	10

mcc_generated_files/pwm/src/pwm2_16bit.c estimated size: 134

mcc_generated_files/system/src/system.c
		_SYSTEM_Initialize		CODE           	1BE6	0000	30

mcc_generated_files/system/src/system.c estimated size: 30

